// Jest Snapshot v1, https://goo.gl/fbAQLP

exports[`Search renders correctly 1`] = `
<DocumentFragment>
  <form
    class="search-form"
  >
    <input
      class="search-input"
      placeholder="Search for an image..."
      type="text"
    />
    <button
      class="search-form__submit-button"
      type="submit"
    >
      Go!
    </button>
  </form>
</DocumentFragment>
`;
