// Jest Snapshot v1, https://goo.gl/fbAQLP

exports[`Search Results renders correctly 1`] = `<DocumentFragment />`;

exports[`Search Results renders with results 1`] = `<DocumentFragment />`;
